// Jest Snapshot v1, https://goo.gl/fbAQLP

exports[`Button Snapshot Comprobar la UI del componente Button 1`] = `
<View
  accessible={true}
  focusable={true}
  onClick={[Function]}
  onResponderGrant={[Function]}
  onResponderMove={[Function]}
  onResponderRelease={[Function]}
  onResponderTerminate={[Function]}
  onResponderTerminationRequest={[Function]}
  onStartShouldSetResponder={[Function]}
  style={
    Object {
      "alignItems": "center",
      "backgroundColor": "#A2A7A8",
      "flex": 1,
      "justifyContent": "center",
      "opacity": 1,
    }
  }
>
  <Text
    style={
      Object {
        "color": "#fff",
        "fontSize": 16,
        "fontWeight": "bold",
      }
    }
  >
    CREAR
  </Text>
</View>
`;
