// Jest Snapshot v1, https://goo.gl/fbAQLP

exports[`<LoginProvider /> Ui del componente cuando esta cargando 1`] = `
<View
  style={
    Object {
      "alignItems": "center",
      "flex": 1,
      "justifyContent": "center",
    }
  }
>
  <Text
    style={
      Object {
        "fontSize": 16,
        "fontWeight": "bold",
      }
    }
  >
    Cargando...
  </Text>
</View>
`;

exports[`<LoginProvider /> Ui del componente cuando termina la carga 1`] = `
<View
  style={
    Object {
      "alignItems": "center",
      "flex": 1,
      "justifyContent": "center",
    }
  }
>
  <Text
    style={
      Object {
        "fontSize": 16,
        "fontWeight": "bold",
      }
    }
  >
    Cargando...
  </Text>
</View>
`;
